[36mvite v5.4.21 [32mbuilding for production...[36m[39m
transforming...
[32m✓[39m 1698 modules transformed.
rendering chunks...
computing gzip size...
[2mdist/[22m[32mindex.html                 [39m[1m[2m    1.34 kB[22m[1m[22m[2m │ gzip:   0.72 kB[22m
[2mdist/[22m[35massets/index-aoaaC6zt.css  [39m[1m[2m    3.99 kB[22m[1m[22m[2m │ gzip:   1.05 kB[22m
[2mdist/[22m[36massets/index-eXWrM7vh.js   [39m[1m[33m1,212.84 kB[39m[22m[2m │ gzip: 359.26 kB[22m
[32m✓ built in 16.68s[39m
